w$ ./1.shWelcome to Ubuntu 22.04.1 LTS (GNU/Linux 5.15.79.1-microsoft-standard-WSL2 x86_64)

 * Documentation:  https://help.ubuntu.com
 * Management:     https://landscape.canonical.com
 * Support:        https://ubuntu.com/advantage

This message is shown once a day. To disable it please create the
/home/shivamsn/.hushlogin file.
shivamsn@Shivam-Gupta:~$ cd /mnt/c/Users/shiva/Desktop/github/shell/new
shivamsn@Shivam-Gupta:/mnt/c/Users/shiva/Desktop/github/shell/neshivamsn@Shivam-Gupta:/mnt/c/Users/shiva/Desktop/github/shell/neshivamsn@Shivam-Gupta:/mnt/c/Users/shiva/Desktop/github/shell/neshivamsn@Shivam-Gupta:/mnt/c/Users/shiva/Desktop/github/shell/neshivamsn@Shivam-Gupta:/mnt/c/Users/shiva/Desktop/github/shell/new$ mnt/c/Users/shiva/Desktop/github/shell/new
shivamsn@Shivam-Gupta:/mnt/c/Users/shiva/Desktop/github/shell/new$ ./1.sh
./1.sh: line 28: [: missing `]'
false
shivamsn@Shivam-Gupta:/mnt/c/Users/shiva/Desktop/github/shell/new$ ./1.sh
./1.sh: line 28: syntax error near unexpected token `('
./1.sh: line 28: `if [ (($i >= 10))]'
shivamsn@Shivam-Gupta:/mnt/c/Users/shiva/Desktop/github/shell/new$ ./1.sh
./1.sh: line 28: syntax error near unexpected token `$i'
./1.sh: line 28: `if [ ($i >= 10)]'
shivamsn@Shivam-Gupta:/mnt/c/Users/shiva/Desktop/github/shell/new$ ./1.sh
./1.sh: line 28: syntax error near unexpected token `$i'
./1.sh: line 28: `if [ ($i >= 10)]'
shivamsn@Shivam-Gupta:/mnt/c/Users/shiva/Desktop/github/shell/new$ ./1.sh
./1.sh: line 28: [: missing `]'
false
shivamsn@Shivam-Gupta:/mnt/c/Users/shiva/Desktop/github/shell/new$ ./1.sh
./1.sh: line 28: [: missing `]'
false
shivamsn@Shivam-Gupta:/mnt/c/Users/shiva/Desktop/github/shell/new$ ./1.sh
./1.sh: line 28: [: 10: unary operator expected
false
shivamsn@Shivam-Gupta:/mnt/c/Users/shiva/Desktop/github/shell/new$ ./1.sh
false
shivamsn@Shivam-Gupta:/mnt/c/Users/shiva/Desktop/github/shell/new$ ./1.sh
true
shivamsn@Shivam-Gupta:/mnt/c/Users/shiva/Desktop/github/shell/new$ ./1.sh
true
shivamsn@Shivam-Gupta:/mnt/c/Users/shiva/Desktop/github/shell/new$ ./1.sh
true
shivamsn@Shivam-Gupta:/mnt/c/Users/shiva/Desktop/github/shell/new$ ./1.sh
true
shivamsn@Shivam-Gupta:/mnt/c/Users/shiva/Desktop/github/shell/new$ ./1.sh
true
shivamsn@Shivam-Gupta:/mnt/c/Users/shiva/Desktop/github/shell/new$ ./1.sh
true
shivamsn@Shivam-Gupta:/mnt/c/Users/shiva/Desktop/github/shell/new$ ./1.sh
true
shivamsn@Shivam-Gupta:/mnt/c/Users/shiva/Desktop/github/shell/new$ ./1.sh
./1.sh: line 31: [abc: command not found
false
shivamsn@Shivam-Gupta:/mnt/c/Users/shiva/Desktop/github/shell/new$ ./1.sh
./1.sh: line 31: [abc: command not found
false
shivamsn@Shivam-Gupta:/mnt/c/Users/shiva/Desktop/github/shell/new$ ./1.sh
false
shivamsn@Shivam-Gupta:/mnt/c/Users/shiva/Desktop/github/shell/new$ ./1.sh
false
shivamsn@Shivam-Gupta:/mnt/c/Users/shiva/Desktop/github/shell/new$ ./1.sh
true
shivamsn@Shivam-Gupta:/mnt/c/Users/shiva/Desktop/github/shell/new$ ./1.sh
true
shivamsn@Shivam-Gupta:/mnt/c/Users/shiva/Desktop/github/shell/new$ ./1.sh
enter the name of file: shivamsn@Shivam-Gupta:/mnt/c/Users/shiva/Desktop/github/shell/new$ ./1.sh
enter the name of file: 1.txt
./1.sh: line 43: [: missing `]'
file not found
shivamsn@Shivam-Gupta:/mnt/c/Users/shiva/Desktop/github/shell/new$ ./1.sh
enter the name of file: 1.txt
file not found
shivamsn@Shivam-Gupta:/mnt/c/Users/shiva/Desktop/github/shell/new$ ./1.sh
enter the name of file: ^Z
[1]+  Stopped                 ./1.sh
shivamsn@Shivam-Gupta:/mnt/c/Users/shiva/Desktop/github/shell/new$ ./1.sh
enter the name of file: \c
1.txt
file not found
shivamsn@Shivam-Gupta:/mnt/c/Users/shiva/Desktop/github/shell/new$ touch 1.txt
shivamsn@Shivam-Gupta:/mnt/c/Users/shiva/Desktop/github/shell/new$ ./1.sh
enter the name of file: \c
1.txt
file exist
shivamsn@Shivam-Gupta:/mnt/c/Users/shiva/Desktop/github/shell/new$ ./1.sh
enter the name of file: 1.txt
file exist
shivamsn@Shivam-Gupta:/mnt/c/Users/shiva/Desktop/github/shell/new$ ./1.sh
enter the name of file: 1.txt
enter the name of file: 1.txt
./1.sh: line 57: [: missing `]'
file not found
shivamsn@Shivam-Gupta:/mnt/c/Users/shiva/Desktop/github/shell/new$ ./1.sh
enter the name of file: 1.txt
enter the name of file: ^Cshivamsn@Shivam-Gupta:/mnt/c/Users/shiva/Desktop/github/shell/new$ ./1.sh
enter the name of file: 1.txt
./1.sh: line 57: [: missing `]'
file not found
shivamsn@Shivam-Gupta:/mnt/c/Users/shiva/Desktop/github/shell/new$ ./1.sh
enter the name of file: 1.txt
./1.sh: line 57: [: missing `]'
file not found
shivamsn@Shivam-Gupta:/mnt/c/Users/shiva/Desktop/github/shell/new$ ./1.sh
enter the name of file: 1.txt
write content and to exit click ctrl +c
hii my name is shivam
my class is cse-d^Cshivamsn@Shivam-Gupta:/mnt/c/Users/shiva/Desktop/github/shell/new$ ./1.sh
enter the name of file: 1.txt
write content and to exit click ctrl +c
hii maam u are beutiful
^Cshivamsn@Shivam-Gupta:/mnt/c/Users/shiva/Desktop/github/shell/new$ ./1.sh
enter the name of file: hiifile not found
shivamsn@Shivam-Gupta:/mnt/c/Users/shiva/Desktop/github/shell/new$ ./1.sh
enter the name of file: 1.txt
write content and to exit click ctrl +c
hiishivamsn@Shivam-Gupta:/mnt/c/Users/shiva/Desktop/github/shell/new$ ./1.sh
./1.sh: line 71: age: command not found
./1.sh: line 72: [: ==: unary operator expected
false
shivamsn@Shivam-Gupta:/mnt/c/Users/shiva/Desktop/github/shell/new$ ./1.sh
./1.sh: line 71: age: command not found
./1.sh: line 72: [: : integer expression expected
false
shivamsn@Shivam-Gupta:/mnt/c/Users/shiva/Desktop/github/shell/new$ ./1.sh
true
shivamsn@Shivam-Gupta:/mnt/c/Users/shiva/Desktop/github/shell/new$ ./1.sh
false
shivamsn@Shivam-Gupta:/mnt/c/Users/shiva/Desktop/github/shell/new$ ./1.sh
true
shivamsn@Shivam-Gupta:/mnt/c/Users/shiva/Desktop/github/shell/new$ ./1.sh
age is valid
shivamsn@Shivam-Gupta:/mnt/c/Users/shiva/Desktop/github/shell/new$ ./1.sh
age is invalid
shivamsn@Shivam-Gupta:/mnt/c/Users/shiva/Desktop/github/shell/new$ ./1.sh
age is invalid
shivamsn@Shivam-Gupta:/mnt/c/Users/shiva/Desktop/github/shell/new$ ./1.sh
age is valid
shivamsn@Shivam-Gupta:/mnt/c/Users/shiva/Desktop/github/shell/new$ ./1.sh
age is valid
shivamsn@Shivam-Gupta:/mnt/c/Users/shiva/Desktop/github/shell/new$ ./1.sh
age is valid
shivamsn@Shivam-Gupta:/mnt/c/Users/shiva/Desktop/github/shell/new$ ./1.sh
age is valid
shivamsn@Shivam-Gupta:/mnt/c/Users/shiva/Desktop/github/shell/new$ ./1.sh
age is valid
shivamsn@Shivam-Gupta:/mnt/c/Users/shiva/Desktop/github/shell/new$ ./1.sh
age is invalid
shivamsn@Shivam-Gupta:/mnt/c/Users/shiva/Desktop/github/shell/new$ ./1.sh
30
shivamsn@Shivam-Gupta:/mnt/c/Users/shiva/Desktop/github/shell/new$ ./1.sh
30
30
expr: syntax error: unexpected argument ‘1.cpp’

shivamsn@Shivam-Gupta:/mnt/c/Users/shiva/Desktop/github/shell/new$ ./1.sh
30
30
2#it give error in multiplication
shivamsn@Shivam-Gupta:/mnt/c/Users/shiva/Desktop/github/shell/new$ ./1.sh
30
30
2#it give error in multiplication
shivamsn@Shivam-Gupta:/mnt/c/Users/shiva/Desktop/github/shell/new$ ./1.sh
30
30
expr: syntax error: unexpected argument ‘1.cpp’

shivamsn@Shivam-Gupta:/mnt/c/Users/shiva/Desktop/github/shell/new$ ./1.sh
30
30
expr: syntax error: unexpected argument ‘/bin’

shivamsn@Shivam-Gupta:/mnt/c/Users/shiva/Desktop/github/shell/new$ ./1.sh# age=20
# if [[ $age -gt 18 && $age -lt 30 ]] #
# # if [ $age -gt 18 -a $age -lt 30 ] #
# # if [ $age -gt 18 ] && [ $age -lt 30 ]
# then echo "age is valid"
# else
# echo "age is invalid"
# fi
-bash: ./1.sh#: No such file or directory
shivamsn@Shivam-Gupta:/mnt/c/Users/shiva/Desktop/github/shell/new$ ./1.sh
30
30
200
shivamsn@Shivam-Gupta:/mnt/c/Users/shiva/Desktop/github/shell/new$ ./1.sh
30
10
200
2
30
10
2
0
200
shivamsn@Shivam-Gupta:/mnt/c/Users/shiva/Desktop/github/shell/new$ ./1.sh
30
10
200
2
30
10
2
0
200
shivamsn@Shivam-Gupta:/mnt/c/Users/shiva/Desktop/github/shell/new$ ./1.sh
./1.sh: line 104: 20.5: syntax error: invalid arithmetic operator (error token is ".5")
./1.sh: line 105: 20.5: syntax error: invalid arithmetic operator (error token is ".5")
./1.sh: line 106: 20.5: syntax error: invalid arithmetic operator (error token is ".5")
./1.sh: line 107: 20.5: syntax error: invalid arithmetic operator (error token is ".5")
expr: non-integer argument

expr: non-integer argument

expr: non-integer argument

expr: non-integer argument

expr: non-integer argument
30.8
shivamsn@Shivam-Gupta:/mnt/c/Users/shiva/Desktop/github/shell/new$ ./1.sh
30.8
shivamsn@Shivam-Gupta:/mnt/c/Users/shiva/Desktop/github/shell/new$ ./1.sh
30.5
(standard_in) 1: syntax error
2
shivamsn@Shivam-Gupta:/mnt/c/Users/shiva/Desktop/github/shell/new$ ./1.sh
30.5
205.0
2
shivamsn@Shivam-Gupta:/mnt/c/Users/shiva/Desktop/github/shell/new$ ./1.sh
30.5
205.0
2
shivamsn@Shivam-Gupta:/mnt/c/Users/shiva/Desktop/github/shell/new$ ./1.sh
30.5
205.0
2
shivamsn@Shivam-Gupta:/mnt/c/Users/shiva/Desktop/github/shell/new$ ./1.sh
30.5
205.0
shivamsn@Shivam-Gupta:/mnt/c/Users/shiva/Desktop/github/shell/new$ ./1.sh
30.5
205.0
shivamsn@Shivam-Gupta:/mnt/c/Users/shiva/Desktop/github/shell/new$ ./1.sh
30.5
205.0
shivamsn@Shivam-Gupta:/mnt/c/Users/shiva/Desktop/github/shell/new$ ./1.sh
30.5
205.0
shivamsn@Shivam-Gupta:/mnt/c/Users/shiva/Desktop/github/shell/new$ ./1.sh
30.5
205.0
2.05
shivamsn@Shivam-Gupta:/mnt/c/Users/shiva/Desktop/github/shell/new$ ./1.sh
30.5
205.0
scale= 2
./1.sh: line 110: 20.5: command not found
shivamsn@Shivam-Gupta:/mnt/c/Users/shiva/Desktop/github/shell/new$ ./1.sh
30.5
205.0
2.05
shivamsn@Shivam-Gupta:/mnt/c/Users/shiva/Desktop/github/shell/new$ ./1.sh
enter some charector : #
 User enter Special charecter
shivamsn@Shivam-Gupta:/mnt/c/Users/shiva/Desktop/github/shell/new$ ./1.sh
enter some charector : K
 User enter upper case
shivamsn@Shivam-Gupta:/mnt/c/Users/shiva/Desktop/github/shell/new$ ./1.sh
enter some charector : k
 User enter lower case
shivamsn@Shivam-Gupta:/mnt/c/Users/shiva/Desktop/github/shell/new$ ./1.sh
ubuntu
ubuntu
ubuntu
ubuntu windows kali
shivamsn@Shivam-Gupta:/mnt/c/Users/shiva/Desktop/github/shell/new$ ./1.sh
ubuntu
ubuntu
ubuntu
ubuntu windows kali
shivamsn@Shivam-Gupta:/mnt/c/Users/shiva/Desktop/github/shell/new$ ./1.sh
ubuntu
ubuntu
ubuntu
ubuntu windows kali
0 1 2
shivamsn@Shivam-Gupta:/mnt/c/Users/shiva/Desktop/github/shell/new$ ./1.sh
ubuntu
ubuntu
ubuntu
ubuntu windows kali
0 1 2
3
shivamsn@Shivam-Gupta:/mnt/c/Users/shiva/Desktop/github/shell/new$ ./1.sh
ubuntu
ubuntu
ubuntu
ubuntu windows kali mac
0 1 2 3
4
shivamsn@Shivam-Gupta:/mnt/c/Users/shiva/Desktop/github/shell/new$ ./1.sh
ubuntu
windows
kali
mac
ubuntu windows kali mac
0 1 2 3
4
shivamsn@Shivam-Gupta:/mnt/c/Users/shiva/Desktop/github/shell/new$ ./1.sh
ubuntu
windows

mac
ubuntu windows mac
0 1 3
3
shivamsn@Shivam-Gupta:/mnt/c/Users/shiva/Desktop/github/shell/new$ ./1.sh
ubuntu
windows

mac
ubuntu windows mac
0 1 3
3
faskklsa
shivamsn@Shivam-Gupta:/mnt/c/Users/shiva/Desktop/github/shell/new$ ./1.sh
ubuntu
windows

mac
ubuntu windows mac
0 1 3
3
faskklsa[1]
shivamsn@Shivam-Gupta:/mnt/c/Users/shiva/Desktop/github/shell/new$ ./1.sh
ubuntu
windows

mac
ubuntu windows mac
0 1 3
3

shivamsn@Shivam-Gupta:/mnt/c/Users/shiva/Desktop/github/shell/new$ ./1.sh
ubuntu
windows

mac
ubuntu windows mac
0 1 3
3
faskklsa

shivamsn@Shivam-Gupta:/mnt/c/Users/shiva/Desktop/github/shell/new$ ./1.sh
./1.sh: line 157: while[ 0 -lt 11]: command not found
./1.sh: line 158: syntax error near unexpected token `do'
./1.sh: line 158: `do '
shivamsn@Shivam-Gupta:/mnt/c/Users/shiva/Desktop/github/shell/new$ ./1.sh
./1.sh: line 157: while[ 0 -lt 11 ]: command not found
./1.sh: line 158: syntax error near unexpected token `do'
./1.sh: line 158: `do '
shivamsn@Shivam-Gupta:/mnt/c/Users/shiva/Desktop/github/shell/new$ ./1.sh
./1.sh: line 157: while[ 0 -le 11 ]: command not found
./1.sh: line 158: syntax error near unexpected token `do'
./1.sh: line 158: `do '
shivamsn@Shivam-Gupta:/mnt/c/Users/shiva/Desktop/github/shell/new$ ./1.sh
0
1
2
3
4
5
6
7
8
9
10
11
shivamsn@Shivam-Gupta:/mnt/c/Users/shiva/Desktop/github/shell/new$ ./1.sh
0
1
2
3
4
5
6
7
8
9
10
11
shivamsn@Shivam-Gupta:/mnt/c/Users/shiva/Desktop/github/shell/new$ ./1.sh
0
1
./1.sh: line 162: gnome-terminal: command not found
2
./1.sh: line 162: gnome-terminal: command not found
3
./1.sh: line 162: gnome-terminal: command not found
shivamsn@Shivam-Gupta:/mnt/c/Users/shiva/Desktop/github/shell/new$ ./1.sh: line 162: gnome-terminal: command not found
^C
shivamsn@Shivam-Gupta:/mnt/c/Users/shiva/Desktop/github/shell/new$ ./1.sh
0
1
./1.sh: line 162: xterm: command not found
2
./1.sh: line 162: xterm: command not found
3
./1.sh: line 162: xterm: command not found
shivamsn@Shivam-Gupta:/mnt/c/Users/shiva/Desktop/github/shell/new$ ./1.sh: line 162: xterm: command not found
^C
shivamsn@Shivam-Gupta:/mnt/c/Users/shiva/Desktop/github/shell/new$ xterm
Command 'xterm' not found, but can be installed with:
sudo apt install xterm
shivamsn@Shivam-Gupta:/mnt/c/Users/shiva/Desktop/github/shell/new$ ./1.sh
^Cshivamsn@Shivam-Gupta:/mnt/c/Users/shiva/Desktop/github/shell/new$ ./1.sh
^Cshivamsn@Shivam-Gupta:/mnt/c/Users/shiva/Desktop/github/shell/new$ ./1.sh
shivamsn@Shivam-Gupta:/mnt/c/Users/shiva/Desktop/github/shell/new$ ./1.sh
shivamsn@Shivam-Gupta:/mnt/c/Users/shiva/Desktop/github/shell/new$ ./1.sh
hii shivam
go to hell
thanjk you
shivamsn@Shivam-Gupta:/mnt/c/Users/shiva/Desktop/github/shell/new$ ./1.sh
hii shivam
go to hell
thanjk you
shivamsn@Shivam-Gupta:/mnt/c/Users/shiva/Desktop/github/shell/new$ ./1.sh
hii shivam
go to hell


thanjk you
shivamsn@Shivam-Gupta:/mnt/c/Users/shiva/Desktop/github/shell/new$ ./1.sh
1
2
3
4
5
shivamsn@Shivam-Gupta:/mnt/c/Users/shiva/Desktop/github/shell/new$ ./1.sh
1
2
3
4
5
6
7
8
9
10
shivamsn@Shivam-Gupta:/mnt/c/Users/shiva/Desktop/github/shell/new$ ./1.sh
1
3
5
7
9
shivamsn@Shivam-Gupta:/mnt/c/Users/shiva/Desktop/github/shell/new$ ./1.sh
............ls.............
 1.cpp   1.exe   1.sh   1.txt  '='  '=10]'
............pwd.............
/mnt/c/Users/shiva/Desktop/github/shell/new
............date.............
Wed Feb  1 10:44:37 IST 2023
shivamsn@Shivam-Gupta:/mnt/c/Users/shiva/Desktop/github/shell/new$ ./1.sh
1) shivam
2) shyam
3) mark
#? 1
shivam selected
#? 2
shyam selected
#? 3
mark selected
#? ^Cshivamsn@Shivam-Gupta:/mnt/c/Users/shiva/Desktop/github/shell/new$